
> cv-architect@0.0.0 build
> vite build

[36mvite v6.4.1 [32mbuilding for production...[36m[39m
transforming...
npm : [baseline-browser-mapping] The data in 
this module is over two months old.  To ensure 
accurate Baseline data, please update: `npm i 
baseline-browser-mapping@latest -D`
At line:1 char:1
+ npm run build > build_output.txt 2>&1; 
Get-Content build_output.txt - ...
+ ~~~~~~~~~~~~~~~~~~~~~~~~~~~~~~~~~~~~~
    + CategoryInfo          : NotSpecified: ([b 
   aseline-brows...ping@latest -D`:String) [],  
   RemoteException
    + FullyQualifiedErrorId : NativeCommandErro 
   r
 
[32m✓[39m 2635 modules transformed.
[31m✗[39m Build failed in 10.32s
[31merror during build:
[31mcomponents/BlogPage.tsx (5:20): 
"getAllCategories" is not exported by 
"utils/blogData.ts", imported by 
"components/BlogPage.tsx".[31m
file: [36mL:/CVArchitect/components/BlogPage.ts
x:5:20[31m
[33m
3: import { Clock, ArrowRight, Tag, Search } 
from 'lucide-react';
4: import { motion } from 'framer-motion';
5: import { blogPosts, getAllCategories } from 
'../utils/blogData';
                       ^
6: import PublicHeader from './PublicHeader';
7: import PublicFooter from './PublicFooter';
[31m
    at getRollupError (file:///L:/CVArchitect/no
de_modules/rollup/dist/es/shared/parseAst.js:401
:41)
    at error (file:///L:/CVArchitect/node_module
s/rollup/dist/es/shared/parseAst.js:397:42)
    at Module.error (file:///L:/CVArchitect/node
_modules/rollup/dist/es/shared/node-entry.js:169
56:16)
    at Module.traceVariable (file:///L:/CVArchit
ect/node_modules/rollup/dist/es/shared/node-entr
y.js:17412:29)
    at ModuleScope.findVariable (file:///L:/CVAr
chitect/node_modules/rollup/dist/es/shared/node-
entry.js:15076:39)
    at FunctionScope.findVariable (file:///L:/CV
Architect/node_modules/rollup/dist/es/shared/nod
e-entry.js:5649:38)
    at FunctionBodyScope.findVariable (file:///L
:/CVArchitect/node_modules/rollup/dist/es/shared
/node-entry.js:5649:38)
    at Identifier.bind (file:///L:/CVArchitect/n
ode_modules/rollup/dist/es/shared/node-entry.js:
5423:40)
    at CallExpression.bind (file:///L:/CVArchite
ct/node_modules/rollup/dist/es/shared/node-entry
.js:2813:23)
    at CallExpression.bind (file:///L:/CVArchite
ct/node_modules/rollup/dist/es/shared/node-entry
.js:12123:15)[39m
